// Jest Snapshot v1, https://goo.gl/fbAQLP

exports[`snapshot registration 1`] = `
<div
  className="registration-page"
>
  <div />
  <div
    className="registration"
  >
    <div
      className="registration-tags"
    >
      <div
        className="headers"
      >
        <h1>
          Unite and Conquer
        </h1>
        <h3>
          Choose your interests
        </h3>
      </div>
      <div
        className="tags"
      >
        <button
          className="tag"
          id="All Departments"
          onClick={[Function]}
          type="button"
        >
          All Departments
        </button>
        <button
          className="tag"
          id="Appliances"
          onClick={[Function]}
          type="button"
        >
          Appliances
        </button>
        <button
          className="tag"
          id="Apps & Games"
          onClick={[Function]}
          type="button"
        >
          Apps & Games
        </button>
        <button
          className="tag"
          id="Arts & Craft"
          onClick={[Function]}
          type="button"
        >
          Arts & Craft
        </button>
        <button
          className="tag"
          id="Books"
          onClick={[Function]}
          type="button"
        >
          Books
        </button>
        <button
          className="tag"
          id="Grocery and Food"
          onClick={[Function]}
          type="button"
        >
          Grocery and Food
        </button>
        <button
          className="tag"
          id="Beauty & Care"
          onClick={[Function]}
          type="button"
        >
          Beauty & Care
        </button>
        <button
          className="tag"
          id="CDs & Vinyl"
          onClick={[Function]}
          type="button"
        >
          CDs & Vinyl
        </button>
        <button
          className="tag"
          id="Phones & Accessories"
          onClick={[Function]}
          type="button"
        >
          Phones & Accessories
        </button>
        <button
          className="tag"
          id="Clothing & Shoes"
          onClick={[Function]}
          type="button"
        >
          Clothing & Shoes
        </button>
        <button
          className="tag"
          id="Collectibles"
          onClick={[Function]}
          type="button"
        >
          Collectibles
        </button>
        <button
          className="tag"
          id="Computers"
          onClick={[Function]}
          type="button"
        >
          Computers
        </button>
        <button
          className="tag"
          id="Credit & Payment"
          onClick={[Function]}
          type="button"
        >
          Credit & Payment
        </button>
        <button
          className="tag"
          id="Digital Resources"
          onClick={[Function]}
          type="button"
        >
          Digital Resources
        </button>
        <button
          className="tag"
          id="Electronics"
          onClick={[Function]}
          type="button"
        >
          Electronics
        </button>
        <button
          className="tag"
          id="Garden & Outdoor"
          onClick={[Function]}
          type="button"
        >
          Garden & Outdoor
        </button>
        <button
          className="tag"
          id="Gift Cards"
          onClick={[Function]}
          type="button"
        >
          Gift Cards
        </button>
        <button
          className="tag"
          id="Grocery & Food"
          onClick={[Function]}
          type="button"
        >
          Grocery & Food
        </button>
        <button
          className="tag"
          id="Health & Household"
          onClick={[Function]}
          type="button"
        >
          Health & Household
        </button>
        <button
          className="tag"
          id="Home & Kitchen"
          onClick={[Function]}
          type="button"
        >
          Home & Kitchen
        </button>
        <button
          className="tag"
          id="Luggage & Travel Gear"
          onClick={[Function]}
          type="button"
        >
          Luggage & Travel Gear
        </button>
        <button
          className="tag"
          id="Movies & TV"
          onClick={[Function]}
          type="button"
        >
          Movies & TV
        </button>
        <button
          className="tag"
          id="Musical Instruments"
          onClick={[Function]}
          type="button"
        >
          Musical Instruments
        </button>
        <button
          className="tag"
          id="Office Products"
          onClick={[Function]}
          type="button"
        >
          Office Products
        </button>
        <button
          className="tag"
          id="Pet Supplies"
          onClick={[Function]}
          type="button"
        >
          Pet Supplies
        </button>
        <button
          className="tag"
          id="Software"
          onClick={[Function]}
          type="button"
        >
          Software
        </button>
        <button
          className="tag"
          id="Sports & Outdoors"
          onClick={[Function]}
          type="button"
        >
          Sports & Outdoors
        </button>
        <button
          className="tag"
          id="Tools & Improvement"
          onClick={[Function]}
          type="button"
        >
          Tools & Improvement
        </button>
        <button
          className="tag"
          id="Toys & Games"
          onClick={[Function]}
          type="button"
        >
          Toys & Games
        </button>
      </div>
    </div>
    <div
      className="registration-input"
    >
      <h3>
        Get Started
      </h3>
      <div
        className="input-reqs"
      >
        <div>
          <h2>
            Password Requires
          </h2>
          <div
            className="rule"
          >
            1. at least 8 characters
          </div>
          <div
            className="rule"
          >
            2. at least one special character (e.g. ! @ # ? ])
          </div>
          <div
            className="rule"
          >
            3. at least one uppercase and one lowercase letter
          </div>
          <div
            className="rule"
          >
            4. at least one number
          </div>
        </div>
        <div>
          <h2>
            First/Last Name Requires
          </h2>
          <div
            className="rule"
          >
            1. 2-15 characters
          </div>
          <div
            className="rule"
          >
            2. Alphabetic characters
          </div>
        </div>
      </div>
      <div
        className="registration-text-fields"
      >
        <div
          className="registration-field"
        >
          <div
            className="label"
          >
            first name
          </div>
          <input
            className="first-name-input"
            data-testid="first-name-input"
            onChange={[Function]}
          />
          <i
            className="fas fa-times"
          />
        </div>
        <div
          className="registration-field"
        >
          <div
            className="label"
          >
            last name
          </div>
          <input
            className="last-name-input"
            data-testid="last-name-input"
            onChange={[Function]}
          />
          <i
            className="fas fa-times"
          />
        </div>
        <div
          className="registration-field"
        >
          <div
            className="label"
          >
            phone
          </div>
          <div
            className="full-phone-input"
          >
            <div
              className="Dropdown-root area-code"
            >
              <div
                aria-haspopup="listbox"
                className="Dropdown-control"
                onMouseDown={[Function]}
                onTouchEnd={[Function]}
              >
                <div
                  className="Dropdown-placeholder is-selected"
                >
                  1
                </div>
                <div
                  className="Dropdown-arrow-wrapper"
                >
                  <span
                    className="Dropdown-arrow"
                  />
                </div>
              </div>
            </div>
            <input
              className="phone-input"
              data-testid="phone-input"
              onChange={[Function]}
            />
          </div>
          <i
            className="fas fa-times"
          />
        </div>
        <div
          className="registration-field"
        >
          <div
            className="label"
          >
            email
          </div>
          <input
            className="email-input"
            data-testid="email-input"
            onChange={[Function]}
          />
          <i
            className="fas fa-times"
          />
        </div>
        <div
          className="registration-field"
        >
          <div
            className="label"
          >
            password
          </div>
          <input
            className="password-input"
            data-testid="password-input"
            onChange={[Function]}
          />
          <i
            className="fas fa-times"
          />
        </div>
        <div
          className="registration-field"
        >
          <div
            className="label"
          >
            confirm password
          </div>
          <input
            className="confirm-password-input"
            data-testid="confirm-password-input"
            onChange={[Function]}
          />
          <i
            className="fas fa-times"
          />
        </div>
      </div>
      <h3>
        Tags
      </h3>
      <div
        className="selectedTags"
        data-testid="tags-list"
      />
      <br />
      <div
        className="reg-bottom"
      >
        <button
          className="submit"
          disabled={true}
          onClick={[Function]}
          type="button"
        >
          Register
        </button>
        <p>
          Already have an account?
           
           
        </p>
      </div>
    </div>
  </div>
</div>
`;
