// Jest Snapshot v1, https://goo.gl/fbAQLP

exports[`snapshot user settings for personal information 1`] = `
<div
  className="user-settings-personal-information"
>
  <div
    className="sidebarSettings"
  >
    <div
      className="greeting"
    >
      <i
        className="far fa-user-circle fa-2x"
      />
       
      Hi, Jeremy
    </div>
    <div
      className="main-page"
      data-testid="main-page-header"
    />
    <div
      className="personal-information"
      data-testid="personal-information-header"
    />
    <div
      className="password"
      data-testid="password-header"
    />
  </div>
  <div>
    <div
      className="menu-title"
    >
      <h1>
        Personal Information
      </h1>
    </div>
    <div
      className="post-input"
    >
      <div
        className="all-fields"
      >
         
        <div
          className="post-fields"
        >
          <div
            className="post-field"
          >
            <div
              className="label"
            >
              Username
            </div>
            <input
              data-testid="username-input"
              onChange={[Function]}
            />
            <button
              className="confirm"
              data-testid="username-update"
              onClick={[Function]}
              type="button"
            >
              update
            </button>
          </div>
          <div
            className="post-field"
          >
            <div
              className="label"
            >
              Full Name
            </div>
            <input
              data-testid="name-input"
              onChange={[Function]}
            />
            <button
              className="confirm"
              data-testid="name-update"
              onClick={[Function]}
              type="button"
            >
              update
            </button>
          </div>
          <div
            className="post-field"
          >
            <div
              className="label"
            >
              Phone Number
            </div>
            <input
              data-testid="phone-input"
              onChange={[Function]}
            />
            <button
              className="confirm"
              data-testid="phone-update"
              onClick={[Function]}
              type="button"
            >
              update
            </button>
          </div>
          <div
            className="post-field"
          >
            <div
              className="label"
            >
              Email
            </div>
            <input
              data-testid="email-input"
              onChange={[Function]}
            />
            <button
              className="confirm"
              data-testid="email-update"
              onClick={[Function]}
              type="button"
            >
              update
            </button>
          </div>
        </div>
        <div
          className="create-post-tags"
        >
          <div
            className="tags-label"
          >
            Tags
          </div>
          <div
            className="post-tags"
          >
            <button
              className="tag"
              type="button"
            >
              Appliances
            </button>
            <button
              className="tag"
              type="button"
            >
              Electronics
            </button>
            <button
              className="tag"
              type="button"
            >
              Books
            </button>
            <button
              className="tag"
              type="button"
            >
              Grocery and Food
            </button>
          </div>
        </div>
      </div>
      <br />
      <div
        className="create-post-bottom"
      >
        <button
          className="update-tags"
          onClick={[Function]}
          type="button"
        >
          Update Tags
        </button>
      </div>
    </div>
  </div>
</div>
`;
