// Jest Snapshot v1, https://goo.gl/fbAQLP

exports[`snapshot user settings for password 1`] = `
<div
  className="user-settings-password"
>
  <div
    className="sidebarSettings"
  >
    <div
      className="greeting"
    >
      <i
        className="far fa-user-circle fa-2x"
      />
       
      Hi, Jeremy
    </div>
    <div
      className="main-page"
      data-testid="main-page-header"
    />
    <div
      className="personal-information"
      data-testid="personal-information-header"
    />
    <div
      className="password"
      data-testid="password-header"
    />
  </div>
  <div>
    <div
      className="menu-title"
    >
      <h1>
        Password
      </h1>
    </div>
    <div
      className="post-input"
    >
      <div
        className="all-fields"
      >
         
        <div
          className="post-fields"
        >
          <div
            className="post-field"
          >
            <div
              className="label"
            >
              Old Password
            </div>
            <input
              data-testid="old-pw-input"
              onChange={[Function]}
            />
          </div>
          <div
            className="post-field"
          >
            <div
              className="label"
            >
              New Password
            </div>
            <input
              data-testid="new-pw-input"
              onChange={[Function]}
            />
          </div>
          <div
            className="post-field"
          >
            <div
              className="label"
            >
              Confirm New Password
            </div>
            <input
              data-testid="confirm-new-pw-input"
              onChange={[Function]}
            />
          </div>
          <button
            className="update"
            onClick={[Function]}
            type="button"
          >
            Change Password
          </button>
        </div>
      </div>
    </div>
  </div>
</div>
`;
